
  [1;33mWarning number 9[0m
  [36m/.../fixtures/dict_pattern_regular_record.res[0m:[2m5:22-33[0m

  3 [2mâ”‚[0m let constrainedAsDict = (dict: x) =>
  4 [2mâ”‚[0m   switch dict {
  [1;33m5[0m [2mâ”‚[0m   | @res.dictPattern [1;33m{one: "one"}[0m => Js.log("one")
  6 [2mâ”‚[0m   | _ => Js.log("not one")
  7 [2mâ”‚[0m   }

  the following labels are not bound in this record pattern: dictValuesType
Either bind these labels explicitly or add ', _' to the pattern.


  [1;31mWe've found a bug for you![0m
  [36m/.../fixtures/dict_pattern_regular_record.res[0m:[2m5:22-33[0m

  3 [2mâ”‚[0m let constrainedAsDict = (dict: x) =>
  4 [2mâ”‚[0m   switch dict {
  [1;31m5[0m [2mâ”‚[0m   | @res.dictPattern [1;31m{one: "one"}[0m => Js.log("one")
  6 [2mâ”‚[0m   | _ => Js.log("not one")
  7 [2mâ”‚[0m   }

  This pattern matches values of type [1;31mdict<string>[0m
  but a pattern was expected which matches values of type [1;33mx[0m