
  Syntax error!
  tests/parsing/grammar/structure/recursiveModules.res:1:1-10

  1 │ module rec A: Map = { let m = 2}
  2 │ and B: Set =  {let s = 1}
  3 │ 

  `rec` is a reserved keyword. Keywords need to be escaped: \"rec"


  Syntax error!
  tests/parsing/grammar/structure/recursiveModules.res:5:1-10

  3 │ 
  4 │ @onFirstBinding
  5 │ module rec A: Map = { let m = 2}
  6 │ @onSecondBinding
  7 │ and B: Set =  {let s = 1}

  `rec` is a reserved keyword. Keywords need to be escaped: \"rec"


  Syntax error!
  tests/parsing/grammar/structure/recursiveModules.res:10:1-10

   8 │ 
   9 │ @onFirstBindingOfNext
  10 │ module rec A: Map = { let m = 2}
  11 │ @onSecondBindingOfNext
  12 │ and B: Set =  {let s = 1}

  `rec` is a reserved keyword. Keywords need to be escaped: \"rec"

