module M = {
  @@infix(("+++", "+"))

  let z = 3 +++ 4
}

let z = 3 + 4
