let plus = (x, y) => x + y
let minus = (x, y) => x - y

@@infix(("ğŸ˜€", "plus"))
@@infix(("ğŸ’©ğŸ’©", "minus"))

let q = 3 ğŸ˜€ 4 ğŸ’©ğŸ’© 5
