let plus = (x, y) => x + y
let minus = (x, y) => x - y

@@infix.remove(("ğŸ˜€", "plus"))
@@infix.remove(("ğŸ’©ğŸ’©", "minus"))

let q = minus(plus(3, 4), 5)
